2025-12-17 16:06:53,051 - FeaturesExtract - INFO - FeatureExtractor: Extract Features From BAM files and Other files
2025-12-17 16:06:53,052 - FeaturesExtract - INFO - Version: 1.0
2025-12-17 16:06:53,052 - FeaturesExtract - INFO - Start time: 2025-12-17 16:06:53
2025-12-17 16:06:53,054 - FeatureExtractor - INFO - Start time: 2025-12-17 16:06:53
2025-12-17 16:06:53,054 - FeatureExtractor - INFO - Parameters: Namespace(metadata='./resources/filter_metadata.csv', reference_genome='/storage/douyanmeiLab/wangchunyi/reference/GRCh38/Homo_sapiens_assembly38.fasta', bed_panel='./04filter/tmp/01initial_hard_filter/demo2/demo2_sorted.bed.gz', output_dir='./04filter/tmp/02extract_features/demo2', sample_name='demo2', mode='RNA-seq', stutter_model='EM', variant_info='./02genotyping/results/mosaic_fraction_estimation_results.vcf.gz', output_prefix=None, mappability_annotation=None, gene_model=None, stutter_model_in='./00stutter/stutter_result_uniq_sorted.bed.gz', phasing=None, allele_imbalance=None, loglevel='INFO', log_to_file=True, stutter_model_out=None, vcf_out=None, viz_out=None, chrom=None, start=0, end=1000000000, threads=1, verbose=0, debug=False)
2025-12-17 16:06:53,055 - FeatureExtractor - INFO - Command: python -m extract_features [function call]
2025-12-17 16:06:53,060 - FeatureExtractor - ERROR - Error during feature extraction: unsupported operand type(s) for +: 'NoneType' and 'str'
2025-12-17 16:06:53,079 - FeatureExtractor - INFO - End time: 2025-12-17 16:06:53
2025-12-17 16:06:53,079 - FeatureExtractor - INFO - Total time spent: 0.03 seconds
2025-12-17 16:07:20,272 - FeaturesExtract - INFO - FeatureExtractor: Extract Features From BAM files and Other files
2025-12-17 16:07:20,272 - FeaturesExtract - INFO - Version: 1.0
2025-12-17 16:07:20,272 - FeaturesExtract - INFO - Start time: 2025-12-17 16:07:20
2025-12-17 16:07:20,274 - FeatureExtractor - INFO - Start time: 2025-12-17 16:07:20
2025-12-17 16:07:20,274 - FeatureExtractor - INFO - Parameters: Namespace(metadata='./resources/filter_metadata.csv', reference_genome='/storage/douyanmeiLab/wangchunyi/reference/GRCh38/Homo_sapiens_assembly38.fasta', bed_panel='./04filter/tmp/01initial_hard_filter/demo2/demo2_sorted.bed.gz', output_dir='./04filter/tmp/02extract_features/demo2', sample_name='demo2', mode='RNA-seq', stutter_model='EM', variant_info='./02genotyping/results/mosaic_fraction_estimation_results.vcf.gz', output_prefix=None, mappability_annotation=None, gene_model=None, stutter_model_in='./00stutter/stutter_result_uniq_sorted.bed.gz', phasing=None, allele_imbalance=None, loglevel='INFO', log_to_file=True, stutter_model_out=None, vcf_out=None, viz_out=None, chrom=None, start=0, end=1000000000, threads=1, verbose=0, debug=False)
2025-12-17 16:07:20,274 - FeatureExtractor - INFO - Command: python -m extract_features [function call]
2025-12-17 16:07:20,280 - FeatureExtractor - ERROR - Error during feature extraction: 'NoneType' object has no attribute 'split'
2025-12-17 16:07:20,282 - FeatureExtractor - INFO - End time: 2025-12-17 16:07:20
2025-12-17 16:07:20,283 - FeatureExtractor - INFO - Total time spent: 0.01 seconds
2025-12-17 16:33:40,790 - FeaturesExtract - INFO - FeatureExtractor: Extract Features From BAM files and Other files
2025-12-17 16:33:40,805 - FeaturesExtract - INFO - Version: 1.0
2025-12-17 16:33:40,805 - FeaturesExtract - INFO - Start time: 2025-12-17 16:33:40
2025-12-17 16:33:40,807 - FeatureExtractor - INFO - Start time: 2025-12-17 16:33:40
2025-12-17 16:33:40,807 - FeatureExtractor - INFO - Parameters: Namespace(metadata='./resources/filter_metadata.csv', reference_genome='/storage/douyanmeiLab/wangchunyi/reference/GRCh38/Homo_sapiens_assembly38.fasta', bed_panel='./04filter/tmp/01initial_hard_filter/demo2/demo2_sorted.bed.gz', output_dir='./04filter/tmp/02extract_features/demo2', sample_name='demo2', mode='RNA-seq', stutter_model='EM', variant_info='./02genotyping/results/mosaic_fraction_estimation_results.vcf.gz', output_prefix=None, mappability_annotation='./resources/hg38_k24_k100_mappability_Human_STR_1232500.bed.gz', gene_model=None, stutter_model_in='./00stutter/stutter_result_uniq_sorted.bed.gz', phasing=None, allele_imbalance=None, loglevel='INFO', log_to_file=True, stutter_model_out=None, vcf_out=None, viz_out=None, chrom=None, start=0, end=1000000000, threads=1, verbose=0, debug=False)
2025-12-17 16:33:40,808 - FeatureExtractor - INFO - Command: python -m extract_features [function call]
2025-12-17 16:33:41,105 - FeatureExtractor - INFO - Finish all STR loci features extraction.
2025-12-17 16:33:41,106 - FeatureExtractor - INFO - End time: 2025-12-17 16:33:41
2025-12-17 16:33:41,106 - FeatureExtractor - INFO - Total time spent: 0.30 seconds
