2025-12-18 08:27:10,130 - StutterEstimator - INFO - StutterEstimator: Stutter Model Estimation Using Population Data
2025-12-18 08:27:10,131 - StutterEstimator - INFO - Version: 1.0
2025-12-18 08:27:10,131 - StutterEstimator - INFO - Start time: 2025-12-18 08:27:10
2025-12-18 08:27:10,141 - StutterEstimator - INFO - Start stutter model estimation.
2025-12-18 08:27:10,142 - StutterEstimator - INFO - Parameters: <stutter_model_estimation.run.<locals>.Args object at 0x7378a87dffd0>
2025-12-18 08:27:10,143 - StutterEstimator - INFO - Command: Python API call (stutter_estimator.run_stutter_estimation)
2025-12-18 08:27:10,476 - StutterEstimator - INFO - The train function has not been invoked before, and we will train this locus from the beginning.
2025-12-18 08:27:10,501 - StutterEstimator - INFO - Human_STR_1232500 has converged.
2025-12-18 08:27:10,506 - StutterEstimator - INFO - Finish stutter model estimation for locus Human_STR_1232500
2025-12-18 08:27:10,519 - StutterEstimator - INFO - Finish all STR loci stutter model estimation.
2025-12-18 08:27:10,520 - StutterEstimator - INFO - End time: 2025-12-18 08:27:10
2025-12-18 08:27:10,521 - StutterEstimator - INFO - Total time spent: 0.38 seconds
2025-12-18 08:51:39,548 - StutterEstimator - INFO - StutterEstimator: Stutter Model Estimation Using Population Data
2025-12-18 08:51:39,549 - StutterEstimator - INFO - Version: 1.0
2025-12-18 08:51:39,549 - StutterEstimator - INFO - Start time: 2025-12-18 08:51:39
2025-12-18 08:51:39,604 - StutterEstimator - INFO - Start stutter model estimation.
2025-12-18 08:51:39,605 - StutterEstimator - INFO - Parameters: <stutter_model_estimation.run.<locals>.Args object at 0x7e4313ba8fd0>
2025-12-18 08:51:39,607 - StutterEstimator - INFO - Command: Python API call (stutter_estimator.run_stutter_estimation)
2025-12-18 08:51:40,406 - StutterEstimator - INFO - The train function has not been invoked before, and we will train this locus from the beginning.
2025-12-18 08:51:40,693 - StutterEstimator - INFO - Human_STR_1232500 has converged.
2025-12-18 08:51:40,713 - StutterEstimator - INFO - Finish stutter model estimation for locus Human_STR_1232500
2025-12-18 08:51:40,745 - StutterEstimator - INFO - Finish all STR loci stutter model estimation.
2025-12-18 08:51:40,747 - StutterEstimator - INFO - End time: 2025-12-18 08:51:40
2025-12-18 08:51:40,748 - StutterEstimator - INFO - Total time spent: 1.14 seconds
