2025-12-18 08:52:09 | Starting optimized parallel deduplication with per-chromosome BAM output...
2025-12-18 08:52:09 | Input BAM : ./resources/bam/demo1.chr6-43243669-43243695.bam
2025-12-18 08:52:09 | BED file  : ./resources/hg38.hipstr_reference_0based_Human_STR_1232500.bed.gz
2025-12-18 08:52:09 | Output BAM: ./01deduplicate/demo1/demo1.chr6-43243669-43243695.deduplicated.bam
2025-12-18 08:52:09 | Threads   : 16
2025-12-18 08:52:09 | Found 1 intervals.
2025-12-18 08:52:09 | Processing 1 chromosomes in parallel...
2025-12-18 08:52:09 | 🟢 Start processing chromosome chr6 (1 intervals)
2025-12-18 08:52:09 | ✅ Finished chromosome chr6: 6 duplicates marked, BAM saved to /tmp/tmpzhohy9t5/dedup.chr6.bam
2025-12-18 08:52:09 | === Final Statistics ===
2025-12-18 08:52:09 | Total reads in BED intervals:        27
2025-12-18 08:52:09 |   - No CB tag:                       0
2025-12-18 08:52:09 | Duplicate groups detected:           21
2025-12-18 08:52:09 | Reads marked as duplicate:           6
2025-12-18 08:52:09 | Reads to clear duplicate mark:       1
2025-12-18 08:52:09 | Reads to add duplicate mark:         3
2025-12-18 08:52:09 | Conflicts resolved:                  0
2025-12-18 08:52:09 | Modified reads list saved to: ./01deduplicate/demo1/modified_reads.txt
2025-12-18 08:52:09 | ✅ Merged duplicate groups saved to: ./01deduplicate/demo1/duplicate_groups.txt
2025-12-18 08:52:09 | ✅ Merged summary saved to: ./01deduplicate/demo1/summary.tsv
2025-12-18 08:52:09 | Merging 1 chromosome BAMs into ./01deduplicate/demo1/demo1.chr6-43243669-43243695.deduplicated.bam.merged.tmp.bam...
2025-12-18 08:52:09 | ✅ Sorting completed: ./01deduplicate/demo1/demo1.chr6-43243669-43243695.deduplicated.bam
2025-12-18 08:52:09 | Indexing ./01deduplicate/demo1/demo1.chr6-43243669-43243695.deduplicated.bam...
2025-12-18 08:52:09 | ✅ Index created: ./01deduplicate/demo1/demo1.chr6-43243669-43243695.deduplicated.bam.bai
2025-12-18 08:52:09 | ✅ Final BAM: ./01deduplicate/demo1/demo1.chr6-43243669-43243695.deduplicated.bam
2025-12-18 08:52:09 | ✅ Log: ./01deduplicate/demo1/deduplicate.log
2025-12-18 08:52:09 | 🎉 All done.
